--- Testing Add to Cart ---
Add to Cart Status: 400
python : Traceback 
(most recent call 
last):
At line:1 char:1
+ python 
verify_bookings.py > 
test_output.txt 2>&1
+ ~~~~~~~~~~~~~~~~~~~~
~~~~~~~~~~~~~~~~~~~~~~
~~~~~~
    + CategoryInfo    
          : NotSpeci  
  fied: (Traceback    
 (most recent call    
 last)::String) [    
], RemoteExceptio    n
    + FullyQualifiedE 
   rrorId : NativeCo  
  mmandError
 
  File "C:\Users\Earth
en\dev\college\swifttr
ip\backend\verify_book
ings.py", line 61, in 
<module>
    run_verification()
  File "C:\Users\Earth
en\dev\college\swifttr
ip\backend\verify_book
ings.py", line 37, in 
run_verification
    print(f"Response: 
{response.json()}")
                      
 ^^^^^^^^^^^^^^^
  File "C:\Users\Earth
en\AppData\Local\Progr
ams\Python\Python312\L
ib\site-packages\djang
o\test\client.py", 
line 948, in 
_parse_json
    raise ValueError(
ValueError: 
Content-Type header 
is "text/html; 
charset=utf-8", not 
"application/json"
